// Jest Snapshot v1, https://goo.gl/fbAQLP

exports[`Namechanger component tests should render our Snapshots correctly 1`] = `ShallowWrapper {}`;
