// Jest Snapshot v1, https://goo.gl/fbAQLP

exports[`User component checking should render our Snapshots correctly 1`] = `ShallowWrapper {}`;
